******************************************************************************
                     PRU Linker PC v2.1.5                      
******************************************************************************
>> Linked Thu Sep 21 05:59:03 2017

OUTPUT FILE NAME:   <pru.out>
ENTRY POINT SYMBOL: "_c_int00_noargs_noexit"  address: 00000000


MEMORY CONFIGURATION

         name            origin    length      used     unused   attr    fill
----------------------  --------  ---------  --------  --------  ----  --------
PAGE 0:
  PRUIMEM               00000000   00001000  00000320  00000ce0  RWIX

PAGE 1:
  PRUDMEM               00000000   00000200  00000116  000000ea  RWIX


SECTION ALLOCATION MAP

 output                                  attributes/
section   page    origin      length       input sections
--------  ----  ----------  ----------   ----------------
.text:_c_int00* 
*          0    00000000    00000018     
                  00000000    00000018     rtspruv3_le.lib : boot_special.obj (.text:_c_int00_noargs_noexit)

.text      0    00000018    00000308     
                  00000018    000000e0     my_spi.obj (.text:MY_SPI_INIT)
                  000000f8    000000a8     rtspruv3_le.lib : autoinit.obj (.text:__TI_auto_init)
                  000001a0    0000007c     my_spi.obj (.text:MY_SPI_ReadWriteByte)
                  0000021c    0000005c     adis16488.obj (.text:ADIS_16488_Read_ID)
                  00000278    00000044     my_spi.obj (.text:MY_SPI_DELAY)
                  000002bc    00000024     adis16488.obj (.text:ADIS_16488_INIT)
                  000002e0    00000020     rtspruv3_le.lib : copy_zero_init.obj (.text:decompress:ZI:__TI_zero_init)
                  00000300    00000010     main.obj (.text:main)
                  00000310    00000008     rtspruv3_le.lib : exit.obj (.text:abort)
                  00000318    00000008                     : exit.obj (.text:loader_exit)

.bss       1    00000100    00000002     UNINITIALIZED
                  00000100    00000002     (.common:temp)

.stack     1    00000000    00000100     UNINITIALIZED
                  00000000    00000004     rtspruv3_le.lib : boot.obj (.stack)
                  00000004    000000fc     --HOLE--

.init_array 
*          1    00000000    00000000     UNINITIALIZED

.cinit     1    00000104    00000014     
                  00000104    00000005     (.cinit..bss.load) [load image, compression = zero_init]
                  00000109    00000003     --HOLE-- [fill = 0]
                  0000010c    00000002     (__TI_handler_table)
                  0000010e    00000002     --HOLE-- [fill = 0]
                  00000110    00000008     (__TI_cinit_table)


LINKER GENERATED COPY TABLES

__TI_cinit_table @ 00000110 records: 1, size/record: 8, table size: 8
	.bss: load addr=00000104, load size=00000005 bytes, run addr=00000100, run size=00000002 bytes, compression=zero_init


LINKER GENERATED HANDLER TABLE

__TI_handler_table @ 0000010c records: 1, size/record: 2, table size: 2
	index: 0, handler: __TI_zero_init


SEGMENT ATTRIBUTES

    id tag      seg value
    -- ---      --- -----
     0 PHA_PAGE 1   1    
     1 PHA_PAGE 2   1    


GLOBAL SYMBOLS: SORTED ALPHABETICALLY BY Name 

page  address   name                    
----  -------   ----                    
0     000002bc  ADIS_16488_INIT         
0     0000021c  ADIS_16488_Read_ID      
0     00000318  C$$EXIT                 
0     00000278  MY_SPI_DELAY            
0     00000018  MY_SPI_INIT             
0     000001a0  MY_SPI_ReadWriteByte    
1     00000110  __TI_CINIT_Base         
1     00000118  __TI_CINIT_Limit        
1     0000010c  __TI_Handler_Table_Base 
1     0000010e  __TI_Handler_Table_Limit
n/a   UNDEFED   __TI_INITARRAY_Base     
n/a   UNDEFED   __TI_INITARRAY_Limit    
1     00000100  __TI_STACK_END          
abs   00000100  __TI_STACK_SIZE         
0     000000f8  __TI_auto_init          
0     000002e0  __TI_zero_init          
abs   ffffffff  __binit__               
abs   ffffffff  __c_args__              
0     00000000  _c_int00_noargs_noexit  
1     00000000  _stack                  
0     00000310  abort                   
abs   ffffffff  binit                   
0     00000300  main                    
1     00000100  temp                    


GLOBAL SYMBOLS: SORTED BY Symbol Address 

page  address   name                    
----  -------   ----                    
0     00000000  _c_int00_noargs_noexit  
0     00000018  MY_SPI_INIT             
0     000000f8  __TI_auto_init          
0     000001a0  MY_SPI_ReadWriteByte    
0     0000021c  ADIS_16488_Read_ID      
0     00000278  MY_SPI_DELAY            
0     000002bc  ADIS_16488_INIT         
0     000002e0  __TI_zero_init          
0     00000300  main                    
0     00000310  abort                   
0     00000318  C$$EXIT                 
1     00000000  _stack                  
1     00000100  __TI_STACK_END          
1     00000100  temp                    
1     0000010c  __TI_Handler_Table_Base 
1     0000010e  __TI_Handler_Table_Limit
1     00000110  __TI_CINIT_Base         
1     00000118  __TI_CINIT_Limit        
abs   00000100  __TI_STACK_SIZE         
abs   ffffffff  __binit__               
abs   ffffffff  __c_args__              
abs   ffffffff  binit                   
n/a   UNDEFED   __TI_INITARRAY_Base     
n/a   UNDEFED   __TI_INITARRAY_Limit    

[24 symbols]
